// Jest Snapshot v1, https://goo.gl/fbAQLP

exports[`InAppMessageDisplay renders the expected component in the happy path 1`] = `
<body>
  <div>
    <div
      data-amplify-color-mode="light"
      data-amplify-theme="default-theme"
      dir="ltr"
    >
      <div>
        <p
          class="amplify-text"
        >
          TEST_COMPONENT
        </p>
      </div>
    </div>
  </div>
</body>
`;
