// Jest Snapshot v1, https://goo.gl/fbAQLP

exports[`SetupTOTP renders as expected 1`] = `
<div>
  <form
    class="amplify-accountsettings-setuptotp"
  >
    <div
      class="amplify-flex"
      style="flex-direction: column; align-items: center;"
    >
      <button
        class="amplify-button amplify-field-group__control"
        data-fullwidth="false"
        style="align-self: stretch;"
        type="button"
      >
        Copy Secret Code
      </button>
      <div
        class="amplify-flex amplify-field amplify-textfield"
        style="align-self: stretch;"
      >
        <label
          class="amplify-label"
          for="amplify-id-0"
        >
          Confirmation Code
        </label>
        <div
          class="amplify-flex amplify-field-group amplify-field-group--horizontal"
          data-orientation="horizontal"
        >
          <div
            class="amplify-field-group__field-wrapper amplify-field-group__field-wrapper--horizontal"
            data-orientation="horizontal"
          >
            <input
              aria-invalid="false"
              class="amplify-input amplify-field-group__control"
              id="amplify-id-0"
              name="code"
              placeholder="Code"
              required=""
              type="text"
              value=""
            />
          </div>
        </div>
      </div>
      <button
        class="amplify-button amplify-field-group__control amplify-button--primary amplify-button--disabled amplify-button--fullwidth"
        data-fullwidth="true"
        data-variation="primary"
        disabled=""
        type="submit"
      >
        Confirm
      </button>
    </div>
  </form>
</div>
`;
