// Jest Snapshot v1, https://goo.gl/fbAQLP

exports[`useQRCodeString behaves as expected in the happy path 1`] = `
"                             
                             
    █▀▀▀▀▀█ ▀██▀▀ █▀▀▀▀▀█    
    █ ███ █ ▄▀▀█▀ █ ███ █    
    █ ▀▀▀ █ █  ▄▀ █ ▀▀▀ █    
    ▀▀▀▀▀▀▀ █ ▀▄█ ▀▀▀▀▀▀▀    
    ▀▄  █ ▀▀█▄██▄▀▀█▀█▄▄▀    
    ▀ ▀ █▀▀ ██▀▀ ▄█▀█  ▀     
      ▀ ▀ ▀▀▄▄█ ███  ▀▄ ▀    
    █▀▀▀▀▀█ ▀▄▀▄█▀ ▄  ▀█     
    █ ███ █ ▀▄ █▄ ▀▀▀█▄▄█    
    █ ▀▀▀ █  ▄█▀ ▄█▀█▀       
    ▀▀▀▀▀▀▀ ▀ ▀ ▀▀▀ ▀▀  ▀    
                             
                             "
`;

exports[`useQRCodeString does not call \`onSuccess\` if it is not a function 1`] = `
"                             
                             
    █▀▀▀▀▀█ ▀██▀▀ █▀▀▀▀▀█    
    █ ███ █ ▄▀▀█▀ █ ███ █    
    █ ▀▀▀ █ █  ▄▀ █ ▀▀▀ █    
    ▀▀▀▀▀▀▀ █ ▀▄█ ▀▀▀▀▀▀▀    
    ▀▄  █ ▀▀█▄██▄▀▀█▀█▄▄▀    
    ▀ ▀ █▀▀ ██▀▀ ▄█▀█  ▀     
      ▀ ▀ ▀▀▄▄█ ███  ▀▄ ▀    
    █▀▀▀▀▀█ ▀▄▀▄█▀ ▄  ▀█     
    █ ███ █ ▀▄ █▄ ▀▀▀█▄▄█    
    █ ▀▀▀ █  ▄█▀ ▄█▀█▀       
    ▀▀▀▀▀▀▀ ▀ ▀ ▀▀▀ ▀▀  ▀    
                             
                             "
`;
