// Jest Snapshot v1, https://goo.gl/fbAQLP

exports[`Amplify UI Theme components should allow empty components 1`] = `
{
  "name": "test",
  "tokens": {
    "components": {
      "accordion": {},
      "alert": {},
      "authenticator": {},
      "autocomplete": {},
      "badge": {},
      "button": {},
      "card": {},
      "checkbox": {},
      "checkboxfield": {},
      "collection": {},
      "copy": {},
      "divider": {},
      "field": {},
      "fieldcontrol": {},
      "fieldgroup": {},
      "fieldmessages": {},
      "flex": {},
      "heading": {},
      "highlightmatch": {},
      "icon": {},
      "image": {},
      "inappmessaging": {},
      "link": {},
      "liveness": {},
      "loader": {},
      "menu": {},
      "pagination": {},
      "passwordfield": {},
      "phonenumberfield": {},
      "placeholder": {},
      "radio": {},
      "radiogroup": {},
      "rating": {},
      "searchfield": {},
      "select": {},
      "selectfield": {},
      "sliderfield": {},
      "stepperfield": {},
      "switchfield": {},
      "table": {},
      "tabs": {},
      "text": {},
      "textareafield": {},
      "textfield": {},
      "togglebutton": {},
      "togglebuttongroup": {},
    },
  },
}
`;
