// Jest Snapshot v1, https://goo.gl/fbAQLP

exports[`FileUploader behaves as expected with a path prop 1`] = `
<div>
  <div
    class="amplify-fileuploader "
  >
    <div
      class="amplify-fileuploader__dropzone"
    >
      <span
        aria-hidden="true"
        class="amplify-fileuploader__dropzone__icon"
      >
        <span
          class="amplify-icon"
          style="width: 1em; height: 1em;"
        >
          <svg
            fill="none"
            height="24"
            viewBox="0 0 24 24"
            width="24"
            xmlns="http://www.w3.org/2000/svg"
          >
            <path
              d="M14 2H6c-1.1 0-1.99.9-1.99 2L4 20c0 1.1.89 2 1.99 2H18c1.1 0 2-.9 2-2V8l-6-6zm4 18H6V4h7v5h5v11zM8 15.01l1.41 1.41L11 14.84V19h2v-4.16l1.59 1.59L16 15.01 12.01 11 8 15.01z"
              fill="currentColor"
            />
          </svg>
        </span>
      </span>
      <p
        class="amplify-text amplify-fileuploader__dropzone__text"
      >
        Drop files here or
      </p>
      <button
        class="amplify-button amplify-field-group__control amplify-button--small amplify-fileuploader__file__picker"
        type="button"
      >
        Browse files
      </button>
      <span
        class="amplify-visually-hidden"
      >
        <input
          accept=""
          multiple=""
          tabindex="-1"
          type="file"
        />
      </span>
    </div>
  </div>
</div>
`;

exports[`FileUploader behaves as expected with an accessLevel prop 1`] = `
<div>
  <div
    class="amplify-fileuploader "
  >
    <div
      class="amplify-fileuploader__dropzone"
    >
      <span
        aria-hidden="true"
        class="amplify-fileuploader__dropzone__icon"
      >
        <span
          class="amplify-icon"
          style="width: 1em; height: 1em;"
        >
          <svg
            fill="none"
            height="24"
            viewBox="0 0 24 24"
            width="24"
            xmlns="http://www.w3.org/2000/svg"
          >
            <path
              d="M14 2H6c-1.1 0-1.99.9-1.99 2L4 20c0 1.1.89 2 1.99 2H18c1.1 0 2-.9 2-2V8l-6-6zm4 18H6V4h7v5h5v11zM8 15.01l1.41 1.41L11 14.84V19h2v-4.16l1.59 1.59L16 15.01 12.01 11 8 15.01z"
              fill="currentColor"
            />
          </svg>
        </span>
      </span>
      <p
        class="amplify-text amplify-fileuploader__dropzone__text"
      >
        Drop files here or
      </p>
      <button
        class="amplify-button amplify-field-group__control amplify-button--small amplify-fileuploader__file__picker"
        type="button"
      >
        Browse files
      </button>
      <span
        class="amplify-visually-hidden"
      >
        <input
          accept=""
          multiple=""
          tabindex="-1"
          type="file"
        />
      </span>
    </div>
  </div>
</div>
`;
