// Jest Snapshot v1, https://goo.gl/fbAQLP

exports[`Breadcrumbs: should match snapshot 1`] = `
<div>
  <nav
    aria-label="Breadcrumb"
    class="amplify-breadcrumbs"
  >
    <ol
      class="amplify-breadcrumbs__list"
    >
      <li
        class="amplify-breadcrumbs__item"
      >
        <a
          class="amplify-link amplify-breadcrumbs__link"
          href="test"
        >
          test
        </a>
        <span
          aria-hidden="true"
          class="amplify-breadcrumbs__separator"
        >
          /
        </span>
      </li>
      <li
        class="amplify-breadcrumbs__item"
      >
        <span
          aria-current="page"
          class="amplify-text amplify-breadcrumbs__link amplify-breadcrumbs__link--current"
        >
          test
        </span>
      </li>
    </ol>
  </nav>
</div>
`;
