// Jest Snapshot v1, https://goo.gl/fbAQLP

exports[`SignIn renders as expected 1`] = `
Array [
  <View
    accessibilityRole="tablist"
    style={
      Array [
        Object {
          "flexDirection": "row",
          "width": "100%",
        },
        Object {
          "marginBottom": 8,
        },
      ]
    }
  >
    <View
      accessibilityRole="tab"
      accessible={true}
      collapsable={false}
      focusable={true}
      onBlur={[Function]}
      onClick={[Function]}
      onFocus={[Function]}
      onResponderGrant={[Function]}
      onResponderMove={[Function]}
      onResponderRelease={[Function]}
      onResponderTerminate={[Function]}
      onResponderTerminationRequest={[Function]}
      onStartShouldSetResponder={[Function]}
      style={
        Array [
          null,
          Array [
            Object {
              "backgroundColor": "#e1e1e1",
              "borderTopColor": "#dcdee0",
              "borderTopWidth": 2,
              "flexBasis": 0,
              "flexGrow": 1,
              "padding": 12,
            },
            Object {
              "opacity": 1,
            },
            Object {
              "backgroundColor": "#fff",
              "borderTopColor": "#047d95",
              "color": "#047d95",
            },
            null,
          ],
        ]
      }
    >
      <Text
        style={
          Array [
            Object {
              "alignSelf": "center",
            },
            Array [
              Object {
                "color": "#304050",
                "fontSize": 16,
                "fontWeight": "700",
              },
              undefined,
              Object {
                "backgroundColor": "#fff",
                "borderTopColor": "#047d95",
                "color": "#047d95",
              },
            ],
          ]
        }
      >
        Sign In
      </Text>
    </View>
    <View
      accessibilityRole="tab"
      accessible={true}
      collapsable={false}
      focusable={true}
      onBlur={[Function]}
      onClick={[Function]}
      onFocus={[Function]}
      onResponderGrant={[Function]}
      onResponderMove={[Function]}
      onResponderRelease={[Function]}
      onResponderTerminate={[Function]}
      onResponderTerminationRequest={[Function]}
      onStartShouldSetResponder={[Function]}
      style={
        Array [
          null,
          Array [
            Object {
              "backgroundColor": "#e1e1e1",
              "borderTopColor": "#dcdee0",
              "borderTopWidth": 2,
              "flexBasis": 0,
              "flexGrow": 1,
              "padding": 12,
            },
            null,
            null,
            null,
          ],
        ]
      }
    >
      <Text
        style={
          Array [
            Object {
              "alignSelf": "center",
            },
            Array [
              Object {
                "color": "#304050",
                "fontSize": 16,
                "fontWeight": "700",
              },
              undefined,
              null,
            ],
          ]
        }
      >
        Create Account
      </Text>
    </View>
  </View>,
  <Text
    accessibilityRole="header"
    style={
      Array [
        Object {
          "color": "black",
        },
        Object {
          "fontSize": 34,
          "fontWeight": "300",
          "lineHeight": 51,
        },
        undefined,
      ]
    }
  />,
  <View>
    <View
      accessibilityLabel="Username"
      accessibilityState={
        Object {
          "disabled": false,
        }
      }
      accessible={true}
      style={
        Array [
          Object {
            "alignItems": "flex-start",
          },
          Object {
            "fontSize": 16,
            "marginVertical": 4,
          },
        ]
      }
    >
      <Text
        accessibilityRole="text"
        style={
          Array [
            Object {
              "fontSize": 16,
              "fontWeight": "400",
              "marginHorizontal": 4,
              "marginVertical": 2,
            },
            Object {
              "color": "hsl(210, 50%, 10%)",
            },
            undefined,
          ]
        }
      >
        Username
      </Text>
      <View
        style={
          Object {
            "alignItems": "center",
            "borderColor": "black",
            "borderRadius": 4,
            "borderWidth": 1,
            "flexDirection": "row",
            "padding": 8,
            "width": "100%",
          }
        }
      >
        <TextInput
          accessible={true}
          autoCapitalize="none"
          editable={true}
          onBlur={[Function]}
          onChangeText={[Function]}
          placeholder="Username"
          style={
            Array [
              Object {
                "flexGrow": 1,
                "fontSize": 16,
              },
              undefined,
            ]
          }
        />
      </View>
    </View>
    <View
      accessibilityLabel="Password"
      accessibilityState={
        Object {
          "disabled": false,
        }
      }
      accessible={true}
      style={
        Array [
          Object {
            "alignItems": "flex-start",
          },
          Object {
            "fontSize": 16,
            "marginVertical": 4,
          },
        ]
      }
    >
      <Text
        accessibilityRole="text"
        style={
          Array [
            Object {
              "fontSize": 16,
              "fontWeight": "400",
              "marginHorizontal": 4,
              "marginVertical": 2,
            },
            Object {
              "color": "hsl(210, 50%, 10%)",
            },
            undefined,
          ]
        }
      >
        Password
      </Text>
      <View
        style={
          Object {
            "alignItems": "center",
            "borderColor": "black",
            "borderRadius": 4,
            "borderWidth": 1,
            "flexDirection": "row",
            "padding": 8,
            "width": "100%",
          }
        }
      >
        <TextInput
          accessible={true}
          autoCapitalize="none"
          editable={true}
          onBlur={[Function]}
          onChangeText={[Function]}
          placeholder="Password"
          secureTextEntry={true}
          style={
            Array [
              Object {
                "flexGrow": 1,
                "fontSize": 16,
              },
              undefined,
            ]
          }
        />
        <View
          accessibilityRole="button"
          accessibilityState={
            Object {
              "disabled": false,
            }
          }
          accessible={true}
          collapsable={false}
          focusable={true}
          onBlur={[Function]}
          onClick={[Function]}
          onFocus={[Function]}
          onResponderGrant={[Function]}
          onResponderMove={[Function]}
          onResponderRelease={[Function]}
          onResponderTerminate={[Function]}
          onResponderTerminationRequest={[Function]}
          onStartShouldSetResponder={[Function]}
          style={
            Array [
              null,
              null,
            ]
          }
        >
          <Image
            accessibilityRole="image"
            source={
              Object {
                "testUri": "../../../src/assets/icons/visibilityOff.png",
              }
            }
            style={
              Array [
                Object {
                  "height": 16,
                  "resizeMode": "contain",
                  "tintColor": undefined,
                  "width": 16,
                },
                undefined,
              ]
            }
          />
        </View>
      </View>
    </View>
  </View>,
  <View
    accessible={true}
    collapsable={false}
    focusable={true}
    onBlur={[Function]}
    onClick={[Function]}
    onFocus={[Function]}
    onResponderGrant={[Function]}
    onResponderMove={[Function]}
    onResponderRelease={[Function]}
    onResponderTerminate={[Function]}
    onResponderTerminationRequest={[Function]}
    onStartShouldSetResponder={[Function]}
    style={
      Array [
        null,
        Object {
          "backgroundColor": "teal",
          "marginVertical": 8,
          "paddingVertical": 12,
        },
      ]
    }
  >
    <Text
      style={
        Array [
          Object {
            "alignSelf": "center",
          },
          Object {
            "color": "white",
            "fontSize": 16,
            "fontWeight": "bold",
          },
        ]
      }
    >
      Sign in
    </Text>
  </View>,
  <View>
    <View
      accessible={true}
      collapsable={false}
      focusable={true}
      onBlur={[Function]}
      onClick={[Function]}
      onFocus={[Function]}
      onResponderGrant={[Function]}
      onResponderMove={[Function]}
      onResponderRelease={[Function]}
      onResponderTerminate={[Function]}
      onResponderTerminationRequest={[Function]}
      onStartShouldSetResponder={[Function]}
      style={
        Array [
          null,
          Object {
            "marginVertical": 8,
            "paddingVertical": 12,
          },
        ]
      }
    >
      <Text
        style={
          Array [
            Object {
              "alignSelf": "center",
            },
            Object {
              "color": "teal",
            },
          ]
        }
      >
        Forgot your password?
      </Text>
    </View>
  </View>,
]
`;

exports[`SignIn renders as expected when hideSignUp is true 1`] = `
Array [
  <Text
    accessibilityRole="header"
    style={
      Array [
        Object {
          "color": "black",
        },
        Object {
          "fontSize": 34,
          "fontWeight": "300",
          "lineHeight": 51,
        },
        undefined,
      ]
    }
  />,
  <View>
    <View
      accessibilityLabel="Username"
      accessibilityState={
        Object {
          "disabled": false,
        }
      }
      accessible={true}
      style={
        Array [
          Object {
            "alignItems": "flex-start",
          },
          Object {
            "fontSize": 16,
            "marginVertical": 4,
          },
        ]
      }
    >
      <Text
        accessibilityRole="text"
        style={
          Array [
            Object {
              "fontSize": 16,
              "fontWeight": "400",
              "marginHorizontal": 4,
              "marginVertical": 2,
            },
            Object {
              "color": "hsl(210, 50%, 10%)",
            },
            undefined,
          ]
        }
      >
        Username
      </Text>
      <View
        style={
          Object {
            "alignItems": "center",
            "borderColor": "black",
            "borderRadius": 4,
            "borderWidth": 1,
            "flexDirection": "row",
            "padding": 8,
            "width": "100%",
          }
        }
      >
        <TextInput
          accessible={true}
          autoCapitalize="none"
          editable={true}
          onBlur={[Function]}
          onChangeText={[Function]}
          placeholder="Username"
          style={
            Array [
              Object {
                "flexGrow": 1,
                "fontSize": 16,
              },
              undefined,
            ]
          }
        />
      </View>
    </View>
    <View
      accessibilityLabel="Password"
      accessibilityState={
        Object {
          "disabled": false,
        }
      }
      accessible={true}
      style={
        Array [
          Object {
            "alignItems": "flex-start",
          },
          Object {
            "fontSize": 16,
            "marginVertical": 4,
          },
        ]
      }
    >
      <Text
        accessibilityRole="text"
        style={
          Array [
            Object {
              "fontSize": 16,
              "fontWeight": "400",
              "marginHorizontal": 4,
              "marginVertical": 2,
            },
            Object {
              "color": "hsl(210, 50%, 10%)",
            },
            undefined,
          ]
        }
      >
        Password
      </Text>
      <View
        style={
          Object {
            "alignItems": "center",
            "borderColor": "black",
            "borderRadius": 4,
            "borderWidth": 1,
            "flexDirection": "row",
            "padding": 8,
            "width": "100%",
          }
        }
      >
        <TextInput
          accessible={true}
          autoCapitalize="none"
          editable={true}
          onBlur={[Function]}
          onChangeText={[Function]}
          placeholder="Password"
          secureTextEntry={true}
          style={
            Array [
              Object {
                "flexGrow": 1,
                "fontSize": 16,
              },
              undefined,
            ]
          }
        />
        <View
          accessibilityRole="button"
          accessibilityState={
            Object {
              "disabled": false,
            }
          }
          accessible={true}
          collapsable={false}
          focusable={true}
          onBlur={[Function]}
          onClick={[Function]}
          onFocus={[Function]}
          onResponderGrant={[Function]}
          onResponderMove={[Function]}
          onResponderRelease={[Function]}
          onResponderTerminate={[Function]}
          onResponderTerminationRequest={[Function]}
          onStartShouldSetResponder={[Function]}
          style={
            Array [
              null,
              null,
            ]
          }
        >
          <Image
            accessibilityRole="image"
            source={
              Object {
                "testUri": "../../../src/assets/icons/visibilityOff.png",
              }
            }
            style={
              Array [
                Object {
                  "height": 16,
                  "resizeMode": "contain",
                  "tintColor": undefined,
                  "width": 16,
                },
                undefined,
              ]
            }
          />
        </View>
      </View>
    </View>
  </View>,
  <View
    accessible={true}
    collapsable={false}
    focusable={true}
    onBlur={[Function]}
    onClick={[Function]}
    onFocus={[Function]}
    onResponderGrant={[Function]}
    onResponderMove={[Function]}
    onResponderRelease={[Function]}
    onResponderTerminate={[Function]}
    onResponderTerminationRequest={[Function]}
    onStartShouldSetResponder={[Function]}
    style={
      Array [
        null,
        Object {
          "backgroundColor": "teal",
          "marginVertical": 8,
          "paddingVertical": 12,
        },
      ]
    }
  >
    <Text
      style={
        Array [
          Object {
            "alignSelf": "center",
          },
          Object {
            "color": "white",
            "fontSize": 16,
            "fontWeight": "bold",
          },
        ]
      }
    >
      Sign in
    </Text>
  </View>,
  <View>
    <View
      accessible={true}
      collapsable={false}
      focusable={true}
      onBlur={[Function]}
      onClick={[Function]}
      onFocus={[Function]}
      onResponderGrant={[Function]}
      onResponderMove={[Function]}
      onResponderRelease={[Function]}
      onResponderTerminate={[Function]}
      onResponderTerminationRequest={[Function]}
      onStartShouldSetResponder={[Function]}
      style={
        Array [
          null,
          Object {
            "marginVertical": 8,
            "paddingVertical": 12,
          },
        ]
      }
    >
      <Text
        style={
          Array [
            Object {
              "alignSelf": "center",
            },
            Object {
              "color": "teal",
            },
          ]
        }
      >
        Forgot your password?
      </Text>
    </View>
  </View>,
]
`;

exports[`SignIn renders as expected with an error 1`] = `
Array [
  <View
    accessibilityRole="tablist"
    style={
      Array [
        Object {
          "flexDirection": "row",
          "width": "100%",
        },
        Object {
          "marginBottom": 8,
        },
      ]
    }
  >
    <View
      accessibilityRole="tab"
      accessible={true}
      collapsable={false}
      focusable={true}
      onBlur={[Function]}
      onClick={[Function]}
      onFocus={[Function]}
      onResponderGrant={[Function]}
      onResponderMove={[Function]}
      onResponderRelease={[Function]}
      onResponderTerminate={[Function]}
      onResponderTerminationRequest={[Function]}
      onStartShouldSetResponder={[Function]}
      style={
        Array [
          null,
          Array [
            Object {
              "backgroundColor": "#e1e1e1",
              "borderTopColor": "#dcdee0",
              "borderTopWidth": 2,
              "flexBasis": 0,
              "flexGrow": 1,
              "padding": 12,
            },
            Object {
              "opacity": 1,
            },
            Object {
              "backgroundColor": "#fff",
              "borderTopColor": "#047d95",
              "color": "#047d95",
            },
            null,
          ],
        ]
      }
    >
      <Text
        style={
          Array [
            Object {
              "alignSelf": "center",
            },
            Array [
              Object {
                "color": "#304050",
                "fontSize": 16,
                "fontWeight": "700",
              },
              undefined,
              Object {
                "backgroundColor": "#fff",
                "borderTopColor": "#047d95",
                "color": "#047d95",
              },
            ],
          ]
        }
      >
        Sign In
      </Text>
    </View>
    <View
      accessibilityRole="tab"
      accessible={true}
      collapsable={false}
      focusable={true}
      onBlur={[Function]}
      onClick={[Function]}
      onFocus={[Function]}
      onResponderGrant={[Function]}
      onResponderMove={[Function]}
      onResponderRelease={[Function]}
      onResponderTerminate={[Function]}
      onResponderTerminationRequest={[Function]}
      onStartShouldSetResponder={[Function]}
      style={
        Array [
          null,
          Array [
            Object {
              "backgroundColor": "#e1e1e1",
              "borderTopColor": "#dcdee0",
              "borderTopWidth": 2,
              "flexBasis": 0,
              "flexGrow": 1,
              "padding": 12,
            },
            null,
            null,
            null,
          ],
        ]
      }
    >
      <Text
        style={
          Array [
            Object {
              "alignSelf": "center",
            },
            Array [
              Object {
                "color": "#304050",
                "fontSize": 16,
                "fontWeight": "700",
              },
              undefined,
              null,
            ],
          ]
        }
      >
        Create Account
      </Text>
    </View>
  </View>,
  <Text
    accessibilityRole="header"
    style={
      Array [
        Object {
          "color": "black",
        },
        Object {
          "fontSize": 34,
          "fontWeight": "300",
          "lineHeight": 51,
        },
        undefined,
      ]
    }
  />,
  <View>
    <View
      accessibilityLabel="Username"
      accessibilityState={
        Object {
          "disabled": false,
        }
      }
      accessible={true}
      style={
        Array [
          Object {
            "alignItems": "flex-start",
          },
          Object {
            "fontSize": 16,
            "marginVertical": 4,
          },
        ]
      }
    >
      <Text
        accessibilityRole="text"
        style={
          Array [
            Object {
              "fontSize": 16,
              "fontWeight": "400",
              "marginHorizontal": 4,
              "marginVertical": 2,
            },
            Object {
              "color": "hsl(210, 50%, 10%)",
            },
            undefined,
          ]
        }
      >
        Username
      </Text>
      <View
        style={
          Object {
            "alignItems": "center",
            "borderColor": "black",
            "borderRadius": 4,
            "borderWidth": 1,
            "flexDirection": "row",
            "padding": 8,
            "width": "100%",
          }
        }
      >
        <TextInput
          accessible={true}
          autoCapitalize="none"
          editable={true}
          onBlur={[Function]}
          onChangeText={[Function]}
          placeholder="Username"
          style={
            Array [
              Object {
                "flexGrow": 1,
                "fontSize": 16,
              },
              undefined,
            ]
          }
        />
      </View>
    </View>
    <View
      accessibilityLabel="Password"
      accessibilityState={
        Object {
          "disabled": false,
        }
      }
      accessible={true}
      style={
        Array [
          Object {
            "alignItems": "flex-start",
          },
          Object {
            "fontSize": 16,
            "marginVertical": 4,
          },
        ]
      }
    >
      <Text
        accessibilityRole="text"
        style={
          Array [
            Object {
              "fontSize": 16,
              "fontWeight": "400",
              "marginHorizontal": 4,
              "marginVertical": 2,
            },
            Object {
              "color": "hsl(210, 50%, 10%)",
            },
            undefined,
          ]
        }
      >
        Password
      </Text>
      <View
        style={
          Object {
            "alignItems": "center",
            "borderColor": "black",
            "borderRadius": 4,
            "borderWidth": 1,
            "flexDirection": "row",
            "padding": 8,
            "width": "100%",
          }
        }
      >
        <TextInput
          accessible={true}
          autoCapitalize="none"
          editable={true}
          onBlur={[Function]}
          onChangeText={[Function]}
          placeholder="Password"
          secureTextEntry={true}
          style={
            Array [
              Object {
                "flexGrow": 1,
                "fontSize": 16,
              },
              undefined,
            ]
          }
        />
        <View
          accessibilityRole="button"
          accessibilityState={
            Object {
              "disabled": false,
            }
          }
          accessible={true}
          collapsable={false}
          focusable={true}
          onBlur={[Function]}
          onClick={[Function]}
          onFocus={[Function]}
          onResponderGrant={[Function]}
          onResponderMove={[Function]}
          onResponderRelease={[Function]}
          onResponderTerminate={[Function]}
          onResponderTerminationRequest={[Function]}
          onStartShouldSetResponder={[Function]}
          style={
            Array [
              null,
              null,
            ]
          }
        >
          <Image
            accessibilityRole="image"
            source={
              Object {
                "testUri": "../../../src/assets/icons/visibilityOff.png",
              }
            }
            style={
              Array [
                Object {
                  "height": 16,
                  "resizeMode": "contain",
                  "tintColor": undefined,
                  "width": 16,
                },
                undefined,
              ]
            }
          />
        </View>
      </View>
    </View>
  </View>,
  <View
    accessibilityRole="alert"
    style={
      Array [
        Object {
          "alignItems": "center",
          "backgroundColor": "#f5bcbc",
          "flexDirection": "row",
          "paddingHorizontal": 4,
          "paddingVertical": 16,
          "width": "100%",
        },
        undefined,
      ]
    }
  >
    <Image
      accessibilityRole="image"
      source={
        Object {
          "testUri": "../../../src/assets/icons/error.png",
        }
      }
      style={
        Array [
          Object {
            "height": 20,
            "resizeMode": "contain",
            "tintColor": undefined,
            "width": 20,
          },
          Object {
            "margin": 4,
          },
        ]
      }
    />
    <Text
      style={
        Array [
          Object {
            "flex": 1,
            "paddingHorizontal": 4,
          },
          undefined,
        ]
      }
    >
      An error!
    </Text>
  </View>,
  <View
    accessible={true}
    collapsable={false}
    focusable={true}
    onBlur={[Function]}
    onClick={[Function]}
    onFocus={[Function]}
    onResponderGrant={[Function]}
    onResponderMove={[Function]}
    onResponderRelease={[Function]}
    onResponderTerminate={[Function]}
    onResponderTerminationRequest={[Function]}
    onStartShouldSetResponder={[Function]}
    style={
      Array [
        null,
        Object {
          "backgroundColor": "teal",
          "marginVertical": 8,
          "paddingVertical": 12,
        },
      ]
    }
  >
    <Text
      style={
        Array [
          Object {
            "alignSelf": "center",
          },
          Object {
            "color": "white",
            "fontSize": 16,
            "fontWeight": "bold",
          },
        ]
      }
    >
      Sign in
    </Text>
  </View>,
  <View>
    <View
      accessible={true}
      collapsable={false}
      focusable={true}
      onBlur={[Function]}
      onClick={[Function]}
      onFocus={[Function]}
      onResponderGrant={[Function]}
      onResponderMove={[Function]}
      onResponderRelease={[Function]}
      onResponderTerminate={[Function]}
      onResponderTerminationRequest={[Function]}
      onStartShouldSetResponder={[Function]}
      style={
        Array [
          null,
          Object {
            "marginVertical": 8,
            "paddingVertical": 12,
          },
        ]
      }
    >
      <Text
        style={
          Array [
            Object {
              "alignSelf": "center",
            },
            Object {
              "color": "teal",
            },
          ]
        }
      >
        Forgot your password?
      </Text>
    </View>
  </View>,
]
`;
