// Jest Snapshot v1, https://goo.gl/fbAQLP

exports[`SignUp renders as expected 1`] = `"SignUp"`;
