// Jest Snapshot v1, https://goo.gl/fbAQLP

exports[`ConfirmSignUp renders as expected 1`] = `
<div>
  
  <div>
    
    
    <form
      data-amplify-form=""
    >
      
      <div
        class="amplify-flex amplify-authenticator__column"
      >
        
        
        <h3
          class="amplify-heading amplify-authenticator__heading amplify-heading--3"
          data-amplify-heading=""
        >
          We Texted You
        </h3>
        
        
        <span
          class="amplify-authenticator__subtitle"
          data-amplify-text=""
        >
          
          Your code is on the way. To log in, enter the code we sent you. It may take a minute to arrive.
          
        </span>
        
        
        <fieldset
          class="amplify-flex amplify-authenticator__column"
          data-amplify-fieldset=""
        >
          
          
          
          <!-- password input -->
          
          <!-- textfield input -->
          <div
            class="amplify-flex amplify-field amplify-textfield amplify-phonenumberfield amplify-authenticator__column"
          >
            
            <label
              class="amplify-label"
              data-amplify-label=""
              for="amplify-field-99999"
            >
              
              Confirmation Code
              
            </label>
            <div
              class="amplify-flex amplify-field-group"
            >
              
              <div
                class="amplify-field-group__outer-start"
              >
                
                
              </div>
              <div
                class="amplify-field-group__field-wrapper"
              >
                
                <!--Phone input-->
                <input
                  aria-invalid="false"
                  autocomplete=""
                  class="amplify-input amplify-field-group__control"
                  data-amplify-input=""
                  id="amplify-field-99999"
                  name="confirmation_code"
                  placeholder="Enter your code"
                  required=""
                  type="number"
                />
                
              </div>
              
            </div>
            
          </div>
          
          <!-- Validation error, if any -->
          <!--v-if-->
          
          
          
        </fieldset>
        
        
        <footer
          class="amplify-flex amplify-authenticator__column"
        >
          
          <!--v-if-->
          
          <button
            class="amplify-button amplify-button--primary amplify-field-group__control amplify-authenticator__font"
            data-amplify-button=""
            data-disabled="false"
            data-fullwidth="false"
            data-loading="false"
            data-variation="primary"
            fullwidth="false"
            type="submit"
          >
            
            Confirm
            
          </button>
          
          
          <button
            class="amplify-button amplify-button--default amplify-field-group__control amplify-authenticator__font"
            data-amplify-button=""
            data-disabled="false"
            data-fullwidth="false"
            data-loading="false"
            data-variation="default"
            fullwidth="false"
            style="font-weight: normal;"
            type="button"
          >
            
            Resend Code
            
          </button>
          
          
          
          
        </footer>
        
        
      </div>
      
    </form>
    
    
  </div>
  
</div>
`;
