// Jest Snapshot v1, https://goo.gl/fbAQLP

exports[`useControlledField returns the expected values in the happy path 1`] = `
{
  "errorMessage": undefined,
  "hasError": false,
  "invalid": true,
  "isDirty": false,
  "isTouched": false,
  "name": "test-field",
  "onBlur": [Function],
  "onChangeText": [Function],
  "ref": [Function],
  "value": undefined,
}
`;
