// Jest Snapshot v1, https://goo.gl/fbAQLP

exports[`getActionViewTableData should handle tasks with prefix keys 1`] = `
[
  {
    "content": [
      {
        "content": {
          "icon": "action-progress",
          "text": "file1.txt",
        },
        "key": "name-1",
        "type": "text",
      },
      {
        "content": {
          "text": "/",
        },
        "key": "folder-1",
        "type": "text",
      },
      {
        "content": {
          "text": "txt",
        },
        "key": "type-1",
        "type": "text",
      },
      {
        "content": {
          "displayValue": "1.0 kB",
          "value": 1000,
        },
        "key": "size-1",
        "type": "number",
      },
      {
        "content": {
          "text": "In progress",
        },
        "key": "status-1",
        "type": "text",
      },
      {
        "content": {
          "ariaLabel": "Cancel item: file1.txt",
          "icon": "cancel",
          "isDisabled": false,
          "onClick": [Function],
        },
        "key": "cancel-1",
        "type": "button",
      },
    ],
    "key": "1",
  },
  {
    "content": [
      {
        "content": {
          "icon": "action-success",
          "text": "file2.jpg",
        },
        "key": "name-2",
        "type": "text",
      },
      {
        "content": {
          "text": "/",
        },
        "key": "folder-2",
        "type": "text",
      },
      {
        "content": {
          "text": "jpg",
        },
        "key": "type-2",
        "type": "text",
      },
      {
        "content": {
          "displayValue": "1.0 kB",
          "value": 1000,
        },
        "key": "size-2",
        "type": "number",
      },
      {
        "content": {
          "text": "Completed",
        },
        "key": "status-2",
        "type": "text",
      },
      {
        "content": {
          "ariaLabel": "Cancel item: file2.jpg",
          "icon": "cancel",
          "isDisabled": true,
          "onClick": [Function],
        },
        "key": "cancel-2",
        "type": "button",
      },
    ],
    "key": "2",
  },
]
`;

exports[`getActionViewTableData should have remove handler on queued files 1`] = `
[
  {
    "content": [
      {
        "content": {
          "icon": "action-queued",
          "text": "file1.txt",
        },
        "key": "name-1",
        "type": "text",
      },
      {
        "content": {
          "text": "folder/subfolder/",
        },
        "key": "folder-1",
        "type": "text",
      },
      {
        "content": {
          "text": "txt",
        },
        "key": "type-1",
        "type": "text",
      },
      {
        "content": {
          "displayValue": "1.0 kB",
          "value": 1000,
        },
        "key": "size-1",
        "type": "number",
      },
      {
        "content": {
          "text": "Not started",
        },
        "key": "status-1",
        "type": "text",
      },
      {
        "content": {
          "ariaLabel": "Remove item: file1.txt",
          "icon": "cancel",
          "isDisabled": false,
          "onClick": [Function],
        },
        "key": "cancel-1",
        "type": "button",
      },
    ],
    "key": "1",
  },
]
`;

exports[`getActionViewTableData should return correct table data for all task statuses: tabledata 1`] = `
[
  {
    "content": [
      {
        "content": {
          "icon": "action-queued",
          "text": "file1.txt",
        },
        "key": "name-1",
        "type": "text",
      },
      {
        "content": {
          "text": "/",
        },
        "key": "folder-1",
        "type": "text",
      },
      {
        "content": {
          "text": "txt",
        },
        "key": "type-1",
        "type": "text",
      },
      {
        "content": {
          "displayValue": "1.0 kB",
          "value": 1000,
        },
        "key": "size-1",
        "type": "number",
      },
      {
        "content": {
          "text": "Not started",
        },
        "key": "status-1",
        "type": "text",
      },
      {
        "content": {
          "ariaLabel": "Cancel item: file1.txt",
          "icon": "cancel",
          "isDisabled": false,
          "onClick": [Function],
        },
        "key": "cancel-1",
        "type": "button",
      },
    ],
    "key": "1",
  },
  {
    "content": [
      {
        "content": {
          "icon": "action-progress",
          "text": "file2.jpg",
        },
        "key": "name-2",
        "type": "text",
      },
      {
        "content": {
          "text": "/",
        },
        "key": "folder-2",
        "type": "text",
      },
      {
        "content": {
          "text": "jpg",
        },
        "key": "type-2",
        "type": "text",
      },
      {
        "content": {
          "displayValue": "1.0 kB",
          "value": 1000,
        },
        "key": "size-2",
        "type": "number",
      },
      {
        "content": {
          "text": "In progress",
        },
        "key": "status-2",
        "type": "text",
      },
      {
        "content": {
          "ariaLabel": "Cancel item: file2.jpg",
          "icon": "cancel",
          "isDisabled": false,
          "onClick": [Function],
        },
        "key": "cancel-2",
        "type": "button",
      },
    ],
    "key": "2",
  },
  {
    "content": [
      {
        "content": {
          "icon": "action-success",
          "text": "file3.pdf",
        },
        "key": "name-3",
        "type": "text",
      },
      {
        "content": {
          "text": "/",
        },
        "key": "folder-3",
        "type": "text",
      },
      {
        "content": {
          "text": "pdf",
        },
        "key": "type-3",
        "type": "text",
      },
      {
        "content": {
          "displayValue": "1.0 kB",
          "value": 1000,
        },
        "key": "size-3",
        "type": "number",
      },
      {
        "content": {
          "text": "Completed",
        },
        "key": "status-3",
        "type": "text",
      },
      {
        "content": {
          "ariaLabel": "Cancel item: file3.pdf",
          "icon": "cancel",
          "isDisabled": true,
          "onClick": [Function],
        },
        "key": "cancel-3",
        "type": "button",
      },
    ],
    "key": "3",
  },
  {
    "content": [
      {
        "content": {
          "icon": "action-error",
          "text": "file4.doc",
        },
        "key": "name-4",
        "type": "text",
      },
      {
        "content": {
          "text": "/",
        },
        "key": "folder-4",
        "type": "text",
      },
      {
        "content": {
          "text": "doc",
        },
        "key": "type-4",
        "type": "text",
      },
      {
        "content": {
          "displayValue": "1.0 kB",
          "value": 1000,
        },
        "key": "size-4",
        "type": "number",
      },
      {
        "content": {
          "text": "Failed",
        },
        "key": "status-4",
        "type": "text",
      },
      {
        "content": {
          "ariaLabel": "Cancel item: file4.doc",
          "icon": "cancel",
          "isDisabled": true,
          "onClick": [Function],
        },
        "key": "cancel-4",
        "type": "button",
      },
    ],
    "key": "4",
  },
  {
    "content": [
      {
        "content": {
          "icon": "action-canceled",
          "text": "file5",
        },
        "key": "name-5",
        "type": "text",
      },
      {
        "content": {
          "text": "/",
        },
        "key": "folder-5",
        "type": "text",
      },
      {
        "content": {
          "text": "",
        },
        "key": "type-5",
        "type": "text",
      },
      {
        "content": {
          "displayValue": "1.0 kB",
          "value": 1000,
        },
        "key": "size-5",
        "type": "number",
      },
      {
        "content": {
          "text": "Canceled",
        },
        "key": "status-5",
        "type": "text",
      },
      {
        "content": {
          "ariaLabel": "Cancel item: file5",
          "icon": "cancel",
          "isDisabled": true,
          "onClick": [Function],
        },
        "key": "cancel-5",
        "type": "button",
      },
    ],
    "key": "5",
  },
]
`;
