// Jest Snapshot v1, https://goo.gl/fbAQLP

exports[`DefaultFormFields renders as expected 1`] = `<View />`;
