// Jest Snapshot v1, https://goo.gl/fbAQLP

exports[`@aws-amplify/ui-react exports should match snapshot 1`] = `
Array [
  "Alert",
  "AmplifyProvider",
  "Authenticator",
  "Badge",
  "Button",
  "ButtonGroup",
  "Card",
  "CheckboxField",
  "Collection",
  "ComponentClassNames",
  "ComponentClassObject",
  "ComponentPropsToStylePropsMap",
  "ComponentPropsToStylePropsMapKeys",
  "Divider",
  "Expander",
  "ExpanderItem",
  "FieldGroupIcon",
  "FieldGroupIconButton",
  "Flex",
  "Geocoder",
  "Grid",
  "Heading",
  "Icon",
  "Image",
  "InAppMessageDisplay",
  "InAppMessagingProvider",
  "Link",
  "Loader",
  "LocationSearch",
  "MapView",
  "Menu",
  "MenuButton",
  "MenuItem",
  "Pagination",
  "PasswordField",
  "PhoneNumberField",
  "Placeholder",
  "Radio",
  "RadioGroupField",
  "Rating",
  "ScrollView",
  "SearchField",
  "SelectField",
  "SliderField",
  "StepperField",
  "SwitchField",
  "TabItem",
  "Table",
  "TableBody",
  "TableCell",
  "TableFoot",
  "TableHead",
  "TableRow",
  "Tabs",
  "Text",
  "TextAreaField",
  "TextField",
  "ThemeProvider",
  "ToggleButton",
  "ToggleButtonGroup",
  "View",
  "VisuallyHidden",
  "components",
  "createTheme",
  "defaultDarkModeOverride",
  "defaultTheme",
  "primitives",
  "translations",
  "useAmplify",
  "useAuthenticator",
  "useBreakpointValue",
  "useInAppMessaging",
  "usePagination",
  "useTheme",
  "withAuthenticator",
  "withInAppMessaging",
]
`;

exports[`@aws-amplify/ui-react/internal exports should match snapshot 1`] = `
Array [
  "IconAdd",
  "IconCheck",
  "IconCheckCircle",
  "IconCheckCircleOutline",
  "IconChevronLeft",
  "IconChevronRight",
  "IconClose",
  "IconError",
  "IconExpandMore",
  "IconFiberManualRecord",
  "IconHighlightOff",
  "IconIndeterminate",
  "IconInfo",
  "IconMenu",
  "IconRemove",
  "IconSearch",
  "IconStar",
  "IconVisibility",
  "IconVisibilityOff",
  "IconWarning",
  "PrimitiveCatalog",
  "createDataStorePredicate",
  "findChildOverrides",
  "getOverrideProps",
  "getOverridesFromVariants",
  "mergeVariantsAndOverrides",
  "useAuth",
  "useAuthSignOutAction",
  "useDataStoreBinding",
  "useDataStoreCollection",
  "useDataStoreCreateAction",
  "useDataStoreDeleteAction",
  "useDataStoreItem",
  "useDataStoreUpdateAction",
  "useNavigateAction",
  "useStateMutationAction",
  "useStorageURL",
]
`;

exports[`primitive catalog should match primitives list snapshot 1`] = `
Array [
  "Alert",
  "Badge",
  "Button",
  "ButtonGroup",
  "Card",
  "CheckboxField",
  "Collection",
  "Divider",
  "Expander",
  "ExpanderItem",
  "FieldGroupIcon",
  "FieldGroupIconButton",
  "Flex",
  "Grid",
  "Heading",
  "Icon",
  "Image",
  "Link",
  "Loader",
  "Menu",
  "MenuButton",
  "MenuItem",
  "Pagination",
  "PasswordField",
  "PhoneNumberField",
  "Placeholder",
  "Radio",
  "RadioGroupField",
  "Rating",
  "ScrollView",
  "SearchField",
  "SelectField",
  "SliderField",
  "StepperField",
  "SwitchField",
  "TabItem",
  "Table",
  "TableBody",
  "TableCell",
  "TableFoot",
  "TableHead",
  "TableRow",
  "Tabs",
  "Text",
  "TextAreaField",
  "TextField",
  "ToggleButton",
  "ToggleButtonGroup",
  "View",
  "VisuallyHidden",
]
`;
