// Jest Snapshot v1, https://goo.gl/fbAQLP

exports[`getDefaultPasswordValidators returns validators as expected for nonempty passwordSetting 1`] = `
Array [
  Object {
    "handler": [Function],
    "message": "Password must have at least 8 characters",
    "validationMode": "onTouched",
  },
  Object {
    "handler": [Function],
    "message": "Password must have lower case letters",
    "validationMode": "onTouched",
  },
  Object {
    "handler": [Function],
    "message": "Password must have numbers",
    "validationMode": "onTouched",
  },
  Object {
    "handler": [Function],
    "message": "Password must have special characters",
    "validationMode": "onTouched",
  },
  Object {
    "handler": [Function],
    "message": "Password must have upper case letters",
    "validationMode": "onTouched",
  },
]
`;
