// Jest Snapshot v1, https://goo.gl/fbAQLP

exports[`jest config has the expected configuration 1`] = `
{
  "extends": [
    "plugin:react/recommended",
    "plugin:react-hooks/recommended",
    "@aws-amplify/amplify-ui",
  ],
  "parserOptions": {
    "ecmaFeatures": {
      "jsx": true,
    },
  },
  "plugins": [
    "react",
    "react-hooks",
  ],
  "rules": {
    "react-hooks/exhaustive-deps": "error",
    "react-hooks/rules-of-hooks": "error",
    "react/destructuring-assignment": [
      "error",
      "always",
    ],
    "react/jsx-boolean-value": "error",
    "react/jsx-no-constructed-context-values": "error",
    "react/jsx-no-useless-fragment": [
      "error",
      {
        "allowExpressions": true,
      },
    ],
    "react/jsx-props-no-spreading": "off",
    "react/jsx-wrap-multilines": [
      "error",
      {
        "declaration": "ignore",
      },
    ],
    "react/no-array-index-key": "off",
    "react/no-danger": "error",
    "react/no-unused-prop-types": "error",
    "react/prop-types": "off",
    "react/static-property-placement": [
      "error",
      "static public field",
    ],
  },
  "settings": {
    "react": {
      "version": "detect",
    },
  },
}
`;
