// Jest Snapshot v1, https://goo.gl/fbAQLP

exports[`withAuthenticator renders as expected 1`] = `
<View
  style={
    Object {
      "alignItems": "center",
      "flex": 1,
      "justifyContent": "center",
    }
  }
>
  <View
    style={
      Object {
        "paddingHorizontal": 12,
        "width": "100%",
      }
    }
  />
</View>
`;

exports[`withAuthenticator renders children when route is authenticated 1`] = `
<Text
  testID="child-test-id"
>
  Test Children
</Text>
`;
